2017-10-18 23:45 testing
2017-10-18 23:45 test1 to log
